{
  "changed_cells": [
    "Supporting 1!A2",
    "Supporting 1!C2",
    "Supporting 1!A3",
    "Supporting 1!C3",
    "Supporting 1!A13",
    "Supporting 1!C13",
    "Supporting 1!A14",
    "Supporting 1!C14",
    "Supporting 1!A36",
    "Supporting 1!C36",
    "Supporting 2!A2",
    "Supporting 2!C2",
    "Supporting 2!A3",
    "Supporting 2!C3",
    "Supporting 2!A10",
    "Supporting 2!C10",
    "Supporting 2!A11",
    "Supporting 2!C11",
    "Supporting 2.1!D13",
    "Supporting 2.1!E13",
    "Supporting 2.1!J13",
    "Supporting 2.1!D14",
    "Supporting 2.1!E14",
    "Supporting 2.1!J14",
    "Supporting 2.1!D15",
    "Supporting 2.1!E15",
    "Supporting 2.1!J15",
    "Supporting 2.1!D16",
    "Supporting 2.1!E16",
    "Supporting 2.1!J16",
    "Supporting 2.1!D17",
    "Supporting 2.1!E17",
    "Supporting 2.1!J17",
    "Supporting 2.1!D18",
    "Supporting 2.1!E18",
    "Supporting 2.1!J18",
    "Supporting 2.1!D19",
    "Supporting 2.1!E19",
    "Supporting 2.1!J19",
    "Supporting 2.1!D20",
    "Supporting 2.1!E20",
    "Supporting 2.1!J20",
    "Supporting 2.1!D21",
    "Supporting 2.1!E21",
    "Supporting 2.1!J21",
    "Supporting 2.1!D22",
    "Supporting 2.1!E22",
    "Supporting 2.1!J22",
    "Supporting 2.1!D23",
    "Supporting 2.1!E23",
    "Supporting 2.1!J23",
    "Supporting 2.1!D24",
    "Supporting 2.1!E24",
    "Supporting 2.1!J24",
    "Supporting 2.1!D30",
    "Supporting 2.1!E30",
    "Supporting 2.1!J30",
    "Supporting 2.1!D31",
    "Supporting 2.1!E31",
    "Supporting 2.1!J31",
    "Supporting 2.1!D32",
    "Supporting 2.1!E32",
    "Supporting 2.1!J32",
    "Supporting 2.1!D33",
    "Supporting 2.1!E33",
    "Supporting 2.1!J33",
    "Supporting 2.1!D34",
    "Supporting 2.1!E34",
    "Supporting 2.1!J34",
    "Supporting 2.1!D35",
    "Supporting 2.1!E35",
    "Supporting 2.1!J35",
    "Supporting 2.1!D36",
    "Supporting 2.1!E36",
    "Supporting 2.1!J36",
    "Supporting 2.1!D37",
    "Supporting 2.1!E37",
    "Supporting 2.1!J37",
    "Supporting 2.1!D38",
    "Supporting 2.1!E38",
    "Supporting 2.1!J38",
    "Supporting 2.1!D39",
    "Supporting 2.1!E39",
    "Supporting 2.1!J39",
    "Supporting 2.1!D40",
    "Supporting 2.1!E40",
    "Supporting 2.1!J40",
    "Supporting 2.1!D41",
    "Supporting 2.1!E41",
    "Supporting 2.1!J41",
    "Supporting 3!A2",
    "Supporting 3!C2",
    "Supporting 3!A3",
    "Supporting 3!C3",
    "Supporting 3!A25",
    "Supporting 3!C25",
    "Supporting 3.1!D13",
    "Supporting 3.1!E13",
    "Supporting 3.1!J13",
    "Supporting 3.1!D14",
    "Supporting 3.1!E14",
    "Supporting 3.1!J14",
    "Supporting 3.1!D15",
    "Supporting 3.1!E15",
    "Supporting 3.1!J15",
    "Supporting 3.1!D16",
    "Supporting 3.1!E16",
    "Supporting 3.1!J16",
    "Supporting 3.1!D17",
    "Supporting 3.1!E17",
    "Supporting 3.1!J17",
    "Supporting 3.1!D18",
    "Supporting 3.1!E18",
    "Supporting 3.1!J18",
    "Supporting 3.1!D19",
    "Supporting 3.1!E19",
    "Supporting 3.1!J19",
    "Supporting 3.1!D20",
    "Supporting 3.1!E20",
    "Supporting 3.1!J20",
    "Supporting 3.1!D21",
    "Supporting 3.1!E21",
    "Supporting 3.1!J21",
    "Supporting 3.1!D22",
    "Supporting 3.1!E22",
    "Supporting 3.1!J22",
    "Supporting 3.1!D23",
    "Supporting 3.1!E23",
    "Supporting 3.1!J23",
    "Supporting 3.1!D24",
    "Supporting 3.1!E24",
    "Supporting 3.1!J24",
    "Supporting 3.1!D30",
    "Supporting 3.1!E30",
    "Supporting 3.1!J30",
    "Supporting 3.1!D31",
    "Supporting 3.1!E31",
    "Supporting 3.1!J31",
    "Supporting 3.1!D32",
    "Supporting 3.1!E32",
    "Supporting 3.1!J32",
    "Supporting 3.1!D33",
    "Supporting 3.1!E33",
    "Supporting 3.1!J33",
    "Supporting 3.1!D34",
    "Supporting 3.1!E34",
    "Supporting 3.1!J34",
    "Supporting 3.1!D35",
    "Supporting 3.1!E35",
    "Supporting 3.1!J35",
    "Supporting 3.1!D36",
    "Supporting 3.1!E36",
    "Supporting 3.1!J36",
    "Supporting 3.1!D37",
    "Supporting 3.1!E37",
    "Supporting 3.1!J37",
    "Supporting 3.1!D38",
    "Supporting 3.1!E38",
    "Supporting 3.1!J38",
    "Supporting 3.1!D39",
    "Supporting 3.1!E39",
    "Supporting 3.1!J39",
    "Supporting 3.1!D40",
    "Supporting 3.1!E40",
    "Supporting 3.1!J40",
    "Supporting 3.1!D41",
    "Supporting 3.1!E41",
    "Supporting 3.1!J41",
    "Supporting 4!A2",
    "Supporting 4!C2",
    "Supporting 4!A3",
    "Supporting 4!C3",
    "Supporting 4!A25",
    "Supporting 4!C25",
    "Supporting 4.1!D22",
    "Supporting 4.1!E22",
    "Supporting 4.1!J22",
    "Supporting 4.1!D23",
    "Supporting 4.1!E23",
    "Supporting 4.1!J23",
    "Supporting 4.1!D24",
    "Supporting 4.1!E24",
    "Supporting 4.1!J24",
    "Supporting 4.1!D25",
    "Supporting 4.1!E25",
    "Supporting 4.1!J25",
    "Supporting 4.1!D26",
    "Supporting 4.1!E26",
    "Supporting 4.1!J26",
    "Supporting 4.1!D27",
    "Supporting 4.1!E27",
    "Supporting 4.1!J27",
    "Supporting 4.1!D28",
    "Supporting 4.1!E28",
    "Supporting 4.1!J28",
    "Supporting 4.1!D29",
    "Supporting 4.1!E29",
    "Supporting 4.1!J29",
    "Supporting 4.1!D30",
    "Supporting 4.1!E30",
    "Supporting 4.1!J30",
    "Supporting 4.1!D31",
    "Supporting 4.1!E31",
    "Supporting 4.1!J31",
    "Supporting 4.1!D32",
    "Supporting 4.1!E32",
    "Supporting 4.1!J32",
    "Supporting 4.1!D33",
    "Supporting 4.1!E33",
    "Supporting 4.1!J33",
    "Supporting 4.1!D38",
    "Supporting 4.1!E38",
    "Supporting 4.1!J38",
    "Supporting 4.1!D39",
    "Supporting 4.1!E39",
    "Supporting 4.1!J39",
    "Supporting 4.1!D40",
    "Supporting 4.1!E40",
    "Supporting 4.1!J40",
    "Supporting 4.1!D41",
    "Supporting 4.1!E41",
    "Supporting 4.1!J41",
    "Supporting 4.1!D42",
    "Supporting 4.1!E42",
    "Supporting 4.1!J42",
    "Supporting 4.1!D43",
    "Supporting 4.1!E43",
    "Supporting 4.1!J43",
    "Supporting 4.1!D44",
    "Supporting 4.1!E44",
    "Supporting 4.1!J44",
    "Supporting 4.1!D45",
    "Supporting 4.1!E45",
    "Supporting 4.1!J45",
    "Supporting 4.1!D46",
    "Supporting 4.1!E46",
    "Supporting 4.1!J46",
    "Supporting 4.1!D47",
    "Supporting 4.1!E47",
    "Supporting 4.1!J47",
    "Supporting 4.1!D48",
    "Supporting 4.1!E48",
    "Supporting 4.1!J48",
    "Supporting 4.1!D49",
    "Supporting 4.1!E49",
    "Supporting 4.1!J49",
    "Supproting 5!A2",
    "Supproting 5!C2",
    "Supproting 5!A3",
    "Supproting 5!C3",
    "Supproting 5!A10",
    "Supproting 5!C10",
    "Supproting 5!A11",
    "Supproting 5!C11",
    "Supproting 5!A27",
    "Supproting 5!C27",
    "Supproting 5!A28",
    "Supproting 5!C28",
    "Supporting 5.1!F10",
    "Supporting 5.1!F11",
    "Supporting 5.1!F12",
    "Supporting 5.1!F13",
    "Supporting 5.1!F14",
    "Supporting 5.1!F15",
    "Supporting 5.1!F16",
    "Supporting 5.1!F17",
    "Supporting 5.1!F18",
    "Supporting 5.1!F19",
    "Supporting 5.1!F20",
    "Supporting 5.1!F21",
    "Supporting 5.1!F26",
    "Supporting 5.1!F27",
    "Supporting 5.1!F28",
    "Supporting 5.1!F29",
    "Supporting 5.1!F30",
    "Supporting 5.1!F31",
    "Supporting 5.1!F32",
    "Supporting 5.1!F33",
    "Supporting 5.1!F34",
    "Supporting 5.1!F35",
    "Supporting 5.1!F36",
    "Supporting 5.1!F37",
    "Supporting 6!A2",
    "Supporting 6!C2",
    "Supporting 6!A3",
    "Supporting 6!C3",
    "Supporting 6.1!D16",
    "Supporting 6.1!E16",
    "Supporting 6.1!J16",
    "Supporting 6.1!D17",
    "Supporting 6.1!E17",
    "Supporting 6.1!J17",
    "Supporting 6.1!D18",
    "Supporting 6.1!E18",
    "Supporting 6.1!J18",
    "Supporting 6.1!D19",
    "Supporting 6.1!E19",
    "Supporting 6.1!J19",
    "Supporting 6.1!D20",
    "Supporting 6.1!E20",
    "Supporting 6.1!J20",
    "Supporting 6.1!D21",
    "Supporting 6.1!E21",
    "Supporting 6.1!J21",
    "Supporting 6.1!D22",
    "Supporting 6.1!E22",
    "Supporting 6.1!J22",
    "Supporting 6.1!D23",
    "Supporting 6.1!E23",
    "Supporting 6.1!J23",
    "Supporting 6.1!D24",
    "Supporting 6.1!E24",
    "Supporting 6.1!J24",
    "Supporting 6.1!D25",
    "Supporting 6.1!E25",
    "Supporting 6.1!J25",
    "Supporting 6.1!D26",
    "Supporting 6.1!E26",
    "Supporting 6.1!J26",
    "Supporting 6.1!D27",
    "Supporting 6.1!E27",
    "Supporting 6.1!J27",
    "Supporting 6.1!D41",
    "Supporting 6.1!E41",
    "Supporting 6.1!J41",
    "Supporting 6.1!D42",
    "Supporting 6.1!E42",
    "Supporting 6.1!J42",
    "Supporting 6.1!D43",
    "Supporting 6.1!E43",
    "Supporting 6.1!J43",
    "Supporting 6.1!D44",
    "Supporting 6.1!E44",
    "Supporting 6.1!J44",
    "Supporting 6.1!D45",
    "Supporting 6.1!E45",
    "Supporting 6.1!J45",
    "Supporting 6.1!D46",
    "Supporting 6.1!E46",
    "Supporting 6.1!J46",
    "Supporting 6.1!D47",
    "Supporting 6.1!E47",
    "Supporting 6.1!J47",
    "Supporting 6.1!D48",
    "Supporting 6.1!E48",
    "Supporting 6.1!J48",
    "Supporting 6.1!D49",
    "Supporting 6.1!E49",
    "Supporting 6.1!J49",
    "Supporting 6.1!D50",
    "Supporting 6.1!E50",
    "Supporting 6.1!J50",
    "Supporting 6.1!D51",
    "Supporting 6.1!E51",
    "Supporting 6.1!J51",
    "Supporting 6.1!D52",
    "Supporting 6.1!E52",
    "Supporting 6.1!J52",
    "Supporting 6.1!D59",
    "Supporting 6.1!E59",
    "Supporting 6.1!J59",
    "Supporting 6.1!D60",
    "Supporting 6.1!E60",
    "Supporting 6.1!J60",
    "Supporting 6.1!D61",
    "Supporting 6.1!E61",
    "Supporting 6.1!J61",
    "Supporting 6.1!D62",
    "Supporting 6.1!E62",
    "Supporting 6.1!J62",
    "Supporting 6.1!D63",
    "Supporting 6.1!E63",
    "Supporting 6.1!J63",
    "Supporting 6.1!D64",
    "Supporting 6.1!E64",
    "Supporting 6.1!J64",
    "Supporting 6.1!D65",
    "Supporting 6.1!E65",
    "Supporting 6.1!J65",
    "Supporting 6.1!D66",
    "Supporting 6.1!E66",
    "Supporting 6.1!J66",
    "Supporting 6.1!D67",
    "Supporting 6.1!E67",
    "Supporting 6.1!J67",
    "Supporting 6.1!D68",
    "Supporting 6.1!E68",
    "Supporting 6.1!J68",
    "Supporting 6.1!D69",
    "Supporting 6.1!E69",
    "Supporting 6.1!J69",
    "Supporting 6.1!D70",
    "Supporting 6.1!E70",
    "Supporting 6.1!J70",
    "Supporting 6.1!D74",
    "Supporting 6.1!E74",
    "Supporting 6.1!J74",
    "Supporting 6.1!D75",
    "Supporting 6.1!E75",
    "Supporting 6.1!J75",
    "Supporting 6.1!D76",
    "Supporting 6.1!E76",
    "Supporting 6.1!J76",
    "Supporting 6.1!D77",
    "Supporting 6.1!E77",
    "Supporting 6.1!J77",
    "Supporting 6.1!D78",
    "Supporting 6.1!E78",
    "Supporting 6.1!J78",
    "Supporting 6.1!D79",
    "Supporting 6.1!E79",
    "Supporting 6.1!J79",
    "Supporting 6.1!D80",
    "Supporting 6.1!E80",
    "Supporting 6.1!J80",
    "Supporting 6.1!D81",
    "Supporting 6.1!E81",
    "Supporting 6.1!J81",
    "Supporting 6.1!D82",
    "Supporting 6.1!E82",
    "Supporting 6.1!J82",
    "Supporting 6.1!D83",
    "Supporting 6.1!E83",
    "Supporting 6.1!J83",
    "Supporting 6.1!D84",
    "Supporting 6.1!E84",
    "Supporting 6.1!J84",
    "Supporting 6.1!D85",
    "Supporting 6.1!E85",
    "Supporting 6.1!J85",
    "Wheel!AI4",
    "Wheel!AJ4",
    "Wheel!AN4",
    "Wheel!AO4",
    "Wheel!AW4",
    "Wheel!AI5",
    "Wheel!AJ5",
    "Wheel!AW5",
    "Wheel!AI7",
    "Wheel!AJ7",
    "Wheel!AN7",
    "Wheel!AO7",
    "Wheel!AW7",
    "Wheel!AI8",
    "Wheel!AJ8",
    "Wheel!AW8",
    "Wheel!AI10",
    "Wheel!AJ10",
    "Wheel!AN10",
    "Wheel!AO10",
    "Wheel!AW10",
    "Wheel!BK10",
    "Wheel!BL10",
    "Wheel!BS10",
    "Wheel!AI11",
    "Wheel!AJ11",
    "Wheel!AW11",
    "Wheel!BK11",
    "Wheel!BL11",
    "Wheel!BS11",
    "Wheel!BY11",
    "Wheel!BZ11",
    "Wheel!CH11",
    "Wheel!CN11",
    "Wheel!CO11",
    "Wheel!CW11",
    "Wheel!DC11",
    "Wheel!DD11",
    "Wheel!DL11",
    "Wheel!DR11",
    "Wheel!DS11",
    "Wheel!EA11",
    "Wheel!BK12",
    "Wheel!BL12",
    "Wheel!BS12",
    "Wheel!BY12",
    "Wheel!BZ12",
    "Wheel!CH12",
    "Wheel!CN12",
    "Wheel!CO12",
    "Wheel!CW12",
    "Wheel!DC12",
    "Wheel!DD12",
    "Wheel!DL12",
    "Wheel!DR12",
    "Wheel!DS12",
    "Wheel!EA12",
    "Wheel!AI13",
    "Wheel!AJ13",
    "Wheel!AN13",
    "Wheel!AO13",
    "Wheel!AW13",
    "Wheel!BK13",
    "Wheel!BL13",
    "Wheel!BS13",
    "Wheel!BY13",
    "Wheel!BZ13",
    "Wheel!CH13",
    "Wheel!CN13",
    "Wheel!CO13",
    "Wheel!CW13",
    "Wheel!DC13",
    "Wheel!DD13",
    "Wheel!DL13",
    "Wheel!DR13",
    "Wheel!DS13",
    "Wheel!EA13",
    "Wheel!AI14",
    "Wheel!AJ14",
    "Wheel!AW14",
    "Wheel!BK14",
    "Wheel!BL14",
    "Wheel!BS14",
    "Wheel!BY14",
    "Wheel!BZ14",
    "Wheel!CH14",
    "Wheel!CN14",
    "Wheel!CO14",
    "Wheel!CW14",
    "Wheel!DC14",
    "Wheel!DD14",
    "Wheel!DL14",
    "Wheel!DR14",
    "Wheel!DS14",
    "Wheel!EA14",
    "Wheel!BK15",
    "Wheel!BL15",
    "Wheel!BS15",
    "Wheel!BY15",
    "Wheel!BZ15",
    "Wheel!CH15",
    "Wheel!CN15",
    "Wheel!CO15",
    "Wheel!CW15",
    "Wheel!DC15",
    "Wheel!DD15",
    "Wheel!DL15",
    "Wheel!DR15",
    "Wheel!DS15",
    "Wheel!EA15",
    "Wheel!BK16",
    "Wheel!BL16",
    "Wheel!BS16",
    "Wheel!BY16",
    "Wheel!BZ16",
    "Wheel!CH16",
    "Wheel!CN16",
    "Wheel!CO16",
    "Wheel!CW16",
    "Wheel!DC16",
    "Wheel!DD16",
    "Wheel!DL16",
    "Wheel!DR16",
    "Wheel!DS16",
    "Wheel!EA16",
    "Wheel!BK17",
    "Wheel!BL17",
    "Wheel!BS17",
    "Wheel!BY17",
    "Wheel!BZ17",
    "Wheel!CH17",
    "Wheel!CN17",
    "Wheel!CO17",
    "Wheel!CW17",
    "Wheel!DC17",
    "Wheel!DD17",
    "Wheel!DL17",
    "Wheel!DR17",
    "Wheel!DS17",
    "Wheel!EA17",
    "Wheel!BK18",
    "Wheel!BL18",
    "Wheel!BS18",
    "Wheel!BY18",
    "Wheel!BZ18",
    "Wheel!CH18",
    "Wheel!CN18",
    "Wheel!CO18",
    "Wheel!CW18",
    "Wheel!DC18",
    "Wheel!DD18",
    "Wheel!DL18",
    "Wheel!DR18",
    "Wheel!DS18",
    "Wheel!EA18",
    "Wheel!BK19",
    "Wheel!BL19",
    "Wheel!BS19",
    "Wheel!BY19",
    "Wheel!BZ19",
    "Wheel!CH19",
    "Wheel!CN19",
    "Wheel!CO19",
    "Wheel!CW19",
    "Wheel!DC19",
    "Wheel!DD19",
    "Wheel!DL19",
    "Wheel!DR19",
    "Wheel!DS19",
    "Wheel!EA19",
    "Wheel!BK20",
    "Wheel!BL20",
    "Wheel!BS20",
    "Wheel!BY20",
    "Wheel!BZ20",
    "Wheel!CH20",
    "Wheel!CN20",
    "Wheel!CO20",
    "Wheel!CW20",
    "Wheel!DC20",
    "Wheel!DD20",
    "Wheel!DL20",
    "Wheel!DR20",
    "Wheel!DS20",
    "Wheel!EA20",
    "Wheel!BK21",
    "Wheel!BL21",
    "Wheel!BS21",
    "Wheel!BY21",
    "Wheel!BZ21",
    "Wheel!CH21",
    "Wheel!CN21",
    "Wheel!CO21",
    "Wheel!CW21",
    "Wheel!DC21",
    "Wheel!DD21",
    "Wheel!DL21",
    "Wheel!DR21",
    "Wheel!DS21",
    "Wheel!EA21",
    "Wheel!BK22",
    "Wheel!BL22",
    "Wheel!BS22",
    "Wheel!BY22",
    "Wheel!BZ22",
    "Wheel!CH22",
    "Wheel!CN22",
    "Wheel!CO22",
    "Wheel!CW22",
    "Wheel!DC22",
    "Wheel!DD22",
    "Wheel!DL22",
    "Wheel!DR22",
    "Wheel!DS22",
    "Wheel!EA22",
    "Wheel!BK23",
    "Wheel!BL23",
    "Wheel!BS23",
    "Wheel!BY23",
    "Wheel!BZ23",
    "Wheel!CH23",
    "Wheel!CN23",
    "Wheel!CO23",
    "Wheel!CW23",
    "Wheel!DC23",
    "Wheel!DD23",
    "Wheel!DL23",
    "Wheel!DR23",
    "Wheel!DS23",
    "Wheel!EA23",
    "Wheel!BK24",
    "Wheel!BL24",
    "Wheel!BS24",
    "Wheel!BY24",
    "Wheel!BZ24",
    "Wheel!CH24",
    "Wheel!CN24",
    "Wheel!CO24",
    "Wheel!CW24",
    "Wheel!DC24",
    "Wheel!DD24",
    "Wheel!DL24",
    "Wheel!DR24",
    "Wheel!DS24",
    "Wheel!EA24",
    "Wheel!BK25",
    "Wheel!BL25",
    "Wheel!BS25",
    "Wheel!BY25",
    "Wheel!BZ25",
    "Wheel!CH25",
    "Wheel!CN25",
    "Wheel!CO25",
    "Wheel!CW25",
    "Wheel!DC25",
    "Wheel!DD25",
    "Wheel!DL25",
    "Wheel!DR25",
    "Wheel!DS25",
    "Wheel!EA25",
    "Wheel!BK26",
    "Wheel!BL26",
    "Wheel!BS26",
    "Wheel!BY26",
    "Wheel!BZ26",
    "Wheel!CH26",
    "Wheel!CN26",
    "Wheel!CO26",
    "Wheel!CW26",
    "Wheel!DC26",
    "Wheel!DD26",
    "Wheel!DL26",
    "Wheel!DR26",
    "Wheel!DS26",
    "Wheel!EA26",
    "Wheel!BK27",
    "Wheel!BL27",
    "Wheel!BS27",
    "Wheel!BY27",
    "Wheel!BZ27",
    "Wheel!CH27",
    "Wheel!CN27",
    "Wheel!CO27",
    "Wheel!CW27",
    "Wheel!DC27",
    "Wheel!DD27",
    "Wheel!DL27",
    "Wheel!DR27",
    "Wheel!DS27",
    "Wheel!EA27",
    "Wheel!BK28",
    "Wheel!BL28",
    "Wheel!BS28",
    "Wheel!BY28",
    "Wheel!BZ28",
    "Wheel!CH28",
    "Wheel!CN28",
    "Wheel!CO28",
    "Wheel!CW28",
    "Wheel!DC28",
    "Wheel!DD28",
    "Wheel!DL28",
    "Wheel!DR28",
    "Wheel!DS28",
    "Wheel!EA28",
    "Wheel!BK29",
    "Wheel!BL29",
    "Wheel!BS29",
    "Wheel!BY29",
    "Wheel!BZ29",
    "Wheel!CH29",
    "Wheel!CN29",
    "Wheel!CO29",
    "Wheel!CW29",
    "Wheel!DC29",
    "Wheel!DD29",
    "Wheel!DL29",
    "Wheel!DR29",
    "Wheel!DS29",
    "Wheel!EA29",
    "Wheel!BK30",
    "Wheel!BL30",
    "Wheel!BS30",
    "Wheel!BY30",
    "Wheel!BZ30",
    "Wheel!CH30",
    "Wheel!CN30",
    "Wheel!CO30",
    "Wheel!CW30",
    "Wheel!DC30",
    "Wheel!DD30",
    "Wheel!DL30",
    "Wheel!DR30",
    "Wheel!DS30",
    "Wheel!EA30",
    "Wheel!BK31",
    "Wheel!BL31",
    "Wheel!BS31",
    "Wheel!BY31",
    "Wheel!BZ31",
    "Wheel!CH31",
    "Wheel!CN31",
    "Wheel!CO31",
    "Wheel!CW31",
    "Wheel!DC31",
    "Wheel!DD31",
    "Wheel!DL31",
    "Wheel!DR31",
    "Wheel!DS31",
    "Wheel!EA31",
    "Wheel!BK32",
    "Wheel!BL32",
    "Wheel!BS32",
    "Wheel!BY32",
    "Wheel!BZ32",
    "Wheel!CH32",
    "Wheel!CN32",
    "Wheel!CO32",
    "Wheel!CW32",
    "Wheel!DC32",
    "Wheel!DD32",
    "Wheel!DL32",
    "Wheel!DR32",
    "Wheel!DS32",
    "Wheel!EA32",
    "Wheel!BK33",
    "Wheel!BL33",
    "Wheel!BS33",
    "Wheel!BY33",
    "Wheel!BZ33",
    "Wheel!CH33",
    "Wheel!CN33",
    "Wheel!CO33",
    "Wheel!CW33",
    "Wheel!DC33",
    "Wheel!DD33",
    "Wheel!DL33",
    "Wheel!DR33",
    "Wheel!DS33",
    "Wheel!EA33",
    "Wheel!BK34",
    "Wheel!BL34",
    "Wheel!BS34",
    "Wheel!BY34",
    "Wheel!BZ34",
    "Wheel!CH34",
    "Wheel!CN34",
    "Wheel!CO34",
    "Wheel!CW34",
    "Wheel!DC34",
    "Wheel!DD34",
    "Wheel!DL34",
    "Wheel!DR34",
    "Wheel!DS34",
    "Wheel!EA34",
    "Wheel!BK35",
    "Wheel!BL35",
    "Wheel!BS35",
    "Wheel!BY35",
    "Wheel!BZ35",
    "Wheel!CH35",
    "Wheel!CN35",
    "Wheel!CO35",
    "Wheel!CW35",
    "Wheel!DC35",
    "Wheel!DD35",
    "Wheel!DL35",
    "Wheel!DR35",
    "Wheel!DS35",
    "Wheel!EA35",
    "Wheel!BK36",
    "Wheel!BL36",
    "Wheel!BS36",
    "Wheel!BY36",
    "Wheel!BZ36",
    "Wheel!CH36",
    "Wheel!CN36",
    "Wheel!CO36",
    "Wheel!CW36",
    "Wheel!DC36",
    "Wheel!DD36",
    "Wheel!DL36",
    "Wheel!DR36",
    "Wheel!DS36",
    "Wheel!EA36",
    "Wheel!BK37",
    "Wheel!BL37",
    "Wheel!BS37",
    "Wheel!BY37",
    "Wheel!BZ37",
    "Wheel!CH37",
    "Wheel!CN37",
    "Wheel!CO37",
    "Wheel!CW37",
    "Wheel!DC37",
    "Wheel!DD37",
    "Wheel!DL37",
    "Wheel!DR37",
    "Wheel!DS37",
    "Wheel!EA37",
    "Wheel!BK38",
    "Wheel!BL38",
    "Wheel!BS38",
    "Wheel!BY38",
    "Wheel!BZ38",
    "Wheel!CH38",
    "Wheel!CN38",
    "Wheel!CO38",
    "Wheel!CW38",
    "Wheel!DC38",
    "Wheel!DD38",
    "Wheel!DL38",
    "Wheel!DR38",
    "Wheel!DS38",
    "Wheel!EA38",
    "Wheel!BK39",
    "Wheel!BL39",
    "Wheel!BS39",
    "Wheel!BY39",
    "Wheel!BZ39",
    "Wheel!CH39",
    "Wheel!CN39",
    "Wheel!CO39",
    "Wheel!CW39",
    "Wheel!DC39",
    "Wheel!DD39",
    "Wheel!DL39",
    "Wheel!DR39",
    "Wheel!DS39",
    "Wheel!EA39",
    "Wheel!BK40",
    "Wheel!BL40",
    "Wheel!BS40",
    "Wheel!BY40",
    "Wheel!BZ40",
    "Wheel!CH40",
    "Wheel!CN40",
    "Wheel!CO40",
    "Wheel!CW40",
    "Wheel!DC40",
    "Wheel!DD40",
    "Wheel!DL40",
    "Wheel!DR40",
    "Wheel!DS40",
    "Wheel!EA40",
    "Wheel!BK41",
    "Wheel!BL41",
    "Wheel!BS41",
    "Wheel!BY41",
    "Wheel!BZ41",
    "Wheel!CH41",
    "Wheel!CN41",
    "Wheel!CO41",
    "Wheel!CW41",
    "Wheel!DC41",
    "Wheel!DD41",
    "Wheel!DL41",
    "Wheel!DR41",
    "Wheel!DS41",
    "Wheel!EA41",
    "Wheel!BK42",
    "Wheel!BL42",
    "Wheel!BS42",
    "Wheel!BY42",
    "Wheel!BZ42",
    "Wheel!CH42",
    "Wheel!CN42",
    "Wheel!CO42",
    "Wheel!CW42",
    "Wheel!DC42",
    "Wheel!DD42",
    "Wheel!DL42",
    "Wheel!DR42",
    "Wheel!DS42",
    "Wheel!EA42",
    "Wheel!BK43",
    "Wheel!BL43",
    "Wheel!BS43",
    "Wheel!BY43",
    "Wheel!BZ43",
    "Wheel!CH43",
    "Wheel!CN43",
    "Wheel!CO43",
    "Wheel!CW43",
    "Wheel!DC43",
    "Wheel!DD43",
    "Wheel!DL43",
    "Wheel!DR43",
    "Wheel!DS43",
    "Wheel!EA43",
    "Wheel!BK44",
    "Wheel!BL44",
    "Wheel!BS44",
    "Wheel!BY44",
    "Wheel!BZ44",
    "Wheel!CH44",
    "Wheel!CN44",
    "Wheel!CO44",
    "Wheel!CW44",
    "Wheel!DC44",
    "Wheel!DD44",
    "Wheel!DL44",
    "Wheel!DR44",
    "Wheel!DS44",
    "Wheel!EA44",
    "Wheel!BK45",
    "Wheel!BL45",
    "Wheel!BS45",
    "Wheel!BY45",
    "Wheel!BZ45",
    "Wheel!CH45",
    "Wheel!CN45",
    "Wheel!CO45",
    "Wheel!CW45",
    "Wheel!DC45",
    "Wheel!DD45",
    "Wheel!DL45",
    "Wheel!DR45",
    "Wheel!DS45",
    "Wheel!EA45",
    "Wheel!BK46",
    "Wheel!BL46",
    "Wheel!BS46",
    "Wheel!BY46",
    "Wheel!BZ46",
    "Wheel!CH46",
    "Wheel!CN46",
    "Wheel!CO46",
    "Wheel!CW46",
    "Wheel!DC46",
    "Wheel!DD46",
    "Wheel!DL46",
    "Wheel!DR46",
    "Wheel!DS46",
    "Wheel!EA46",
    "Wheel!BK47",
    "Wheel!BL47",
    "Wheel!BS47",
    "Wheel!BY47",
    "Wheel!BZ47",
    "Wheel!CH47",
    "Wheel!CN47",
    "Wheel!CO47",
    "Wheel!CW47",
    "Wheel!DC47",
    "Wheel!DD47",
    "Wheel!DL47",
    "Wheel!DR47",
    "Wheel!DS47",
    "Wheel!EA47",
    "Wheel!BK48",
    "Wheel!BL48",
    "Wheel!BS48",
    "Wheel!BY48",
    "Wheel!BZ48",
    "Wheel!CH48",
    "Wheel!CN48",
    "Wheel!CO48",
    "Wheel!CW48",
    "Wheel!DC48",
    "Wheel!DD48",
    "Wheel!DL48",
    "Wheel!DR48",
    "Wheel!DS48",
    "Wheel!EA48",
    "Wheel!BK49",
    "Wheel!BL49",
    "Wheel!BS49",
    "Wheel!BY49",
    "Wheel!BZ49",
    "Wheel!CH49",
    "Wheel!CN49",
    "Wheel!CO49",
    "Wheel!CW49",
    "Wheel!DC49",
    "Wheel!DD49",
    "Wheel!DL49",
    "Wheel!DR49",
    "Wheel!DS49",
    "Wheel!EA49",
    "Wheel!BK50",
    "Wheel!BL50",
    "Wheel!BS50",
    "Wheel!BY50",
    "Wheel!BZ50",
    "Wheel!CH50",
    "Wheel!CN50",
    "Wheel!CO50",
    "Wheel!CW50",
    "Wheel!DC50",
    "Wheel!DD50",
    "Wheel!DL50",
    "Wheel!DR50",
    "Wheel!DS50",
    "Wheel!EA50",
    "Wheel!BK51",
    "Wheel!BL51",
    "Wheel!BS51",
    "Wheel!BY51",
    "Wheel!BZ51",
    "Wheel!CH51",
    "Wheel!CN51",
    "Wheel!CO51",
    "Wheel!CW51",
    "Wheel!DC51",
    "Wheel!DD51",
    "Wheel!DL51",
    "Wheel!DR51",
    "Wheel!DS51",
    "Wheel!EA51",
    "Wheel!BK52",
    "Wheel!BL52",
    "Wheel!BS52",
    "Wheel!BY52",
    "Wheel!BZ52",
    "Wheel!CH52",
    "Wheel!CN52",
    "Wheel!CO52",
    "Wheel!CW52",
    "Wheel!DC52",
    "Wheel!DD52",
    "Wheel!DL52",
    "Wheel!DR52",
    "Wheel!DS52",
    "Wheel!EA52",
    "Wheel!BK53",
    "Wheel!BL53",
    "Wheel!BS53",
    "Wheel!BY53",
    "Wheel!BZ53",
    "Wheel!CH53",
    "Wheel!CN53",
    "Wheel!CO53",
    "Wheel!CW53",
    "Wheel!DC53",
    "Wheel!DD53",
    "Wheel!DL53",
    "Wheel!DR53",
    "Wheel!DS53",
    "Wheel!EA53",
    "Wheel!BK54",
    "Wheel!BL54",
    "Wheel!BS54",
    "Wheel!BY54",
    "Wheel!BZ54",
    "Wheel!CH54",
    "Wheel!CN54",
    "Wheel!CO54",
    "Wheel!CW54",
    "Wheel!DC54",
    "Wheel!DD54",
    "Wheel!DL54",
    "Wheel!DR54",
    "Wheel!DS54",
    "Wheel!EA54",
    "Wheel!BK55",
    "Wheel!BL55",
    "Wheel!BS55",
    "Wheel!BY55",
    "Wheel!BZ55",
    "Wheel!CH55",
    "Wheel!CN55",
    "Wheel!CO55",
    "Wheel!CW55",
    "Wheel!DC55",
    "Wheel!DD55",
    "Wheel!DL55",
    "Wheel!DR55",
    "Wheel!DS55",
    "Wheel!EA55",
    "Wheel!BK56",
    "Wheel!BL56",
    "Wheel!BS56",
    "Wheel!BY56",
    "Wheel!BZ56",
    "Wheel!CH56",
    "Wheel!CN56",
    "Wheel!CO56",
    "Wheel!CW56",
    "Wheel!DC56",
    "Wheel!DD56",
    "Wheel!DL56",
    "Wheel!DR56",
    "Wheel!DS56",
    "Wheel!EA56",
    "Wheel!BK57",
    "Wheel!BL57",
    "Wheel!BS57",
    "Wheel!BY57",
    "Wheel!BZ57",
    "Wheel!CH57",
    "Wheel!CN57",
    "Wheel!CO57",
    "Wheel!CW57",
    "Wheel!DC57",
    "Wheel!DD57",
    "Wheel!DL57",
    "Wheel!DR57",
    "Wheel!DS57",
    "Wheel!EA57",
    "Wheel!BK58",
    "Wheel!BL58",
    "Wheel!BS58",
    "Wheel!BY58",
    "Wheel!BZ58",
    "Wheel!CH58",
    "Wheel!CN58",
    "Wheel!CO58",
    "Wheel!CW58",
    "Wheel!DC58",
    "Wheel!DD58",
    "Wheel!DL58",
    "Wheel!DR58",
    "Wheel!DS58",
    "Wheel!EA58",
    "Wheel!BK59",
    "Wheel!BL59",
    "Wheel!BS59",
    "Wheel!BY59",
    "Wheel!BZ59",
    "Wheel!CH59",
    "Wheel!CN59",
    "Wheel!CO59",
    "Wheel!CW59",
    "Wheel!DC59",
    "Wheel!DD59",
    "Wheel!DL59",
    "Wheel!DR59",
    "Wheel!DS59",
    "Wheel!EA59",
    "Wheel!BK60",
    "Wheel!BL60",
    "Wheel!BS60",
    "Wheel!BY60",
    "Wheel!BZ60",
    "Wheel!CH60",
    "Wheel!CN60",
    "Wheel!CO60",
    "Wheel!CW60",
    "Wheel!DC60",
    "Wheel!DD60",
    "Wheel!DL60",
    "Wheel!DR60",
    "Wheel!DS60",
    "Wheel!EA60",
    "Wheel!BK61",
    "Wheel!BL61",
    "Wheel!BS61",
    "Wheel!BY61",
    "Wheel!BZ61",
    "Wheel!CH61",
    "Wheel!CN61",
    "Wheel!CO61",
    "Wheel!CW61",
    "Wheel!DC61",
    "Wheel!DD61",
    "Wheel!DL61",
    "Wheel!DR61",
    "Wheel!DS61",
    "Wheel!EA61",
    "Wheel!BK62",
    "Wheel!BL62",
    "Wheel!BS62",
    "Wheel!BY62",
    "Wheel!BZ62",
    "Wheel!CH62",
    "Wheel!CN62",
    "Wheel!CO62",
    "Wheel!CW62",
    "Wheel!DC62",
    "Wheel!DD62",
    "Wheel!DL62",
    "Wheel!DR62",
    "Wheel!DS62",
    "Wheel!EA62",
    "Wheel!BK63",
    "Wheel!BL63",
    "Wheel!BS63",
    "Wheel!BY63",
    "Wheel!BZ63",
    "Wheel!CH63",
    "Wheel!CN63",
    "Wheel!CO63",
    "Wheel!CW63",
    "Wheel!DC63",
    "Wheel!DD63",
    "Wheel!DL63",
    "Wheel!DR63",
    "Wheel!DS63",
    "Wheel!EA63",
    "Wheel!BK64",
    "Wheel!BL64",
    "Wheel!BS64",
    "Wheel!BY64",
    "Wheel!BZ64",
    "Wheel!CH64",
    "Wheel!CN64",
    "Wheel!CO64",
    "Wheel!CW64",
    "Wheel!DC64",
    "Wheel!DD64",
    "Wheel!DL64",
    "Wheel!DR64",
    "Wheel!DS64",
    "Wheel!EA64",
    "Wheel!BK65",
    "Wheel!BL65",
    "Wheel!BS65",
    "Wheel!BY65",
    "Wheel!BZ65",
    "Wheel!CH65",
    "Wheel!CN65",
    "Wheel!CO65",
    "Wheel!CW65",
    "Wheel!DC65",
    "Wheel!DD65",
    "Wheel!DL65",
    "Wheel!DR65",
    "Wheel!DS65",
    "Wheel!EA65",
    "Wheel!BK66",
    "Wheel!BL66",
    "Wheel!BS66",
    "Wheel!BY66",
    "Wheel!BZ66",
    "Wheel!CH66",
    "Wheel!CN66",
    "Wheel!CO66",
    "Wheel!CW66",
    "Wheel!DC66",
    "Wheel!DD66",
    "Wheel!DL66",
    "Wheel!DR66",
    "Wheel!DS66",
    "Wheel!EA66",
    "Wheel!BK67",
    "Wheel!BL67",
    "Wheel!BS67",
    "Wheel!BY67",
    "Wheel!BZ67",
    "Wheel!CH67",
    "Wheel!CN67",
    "Wheel!CO67",
    "Wheel!CW67",
    "Wheel!DC67",
    "Wheel!DD67",
    "Wheel!DL67",
    "Wheel!DR67",
    "Wheel!DS67",
    "Wheel!EA67",
    "Wheel!BK68",
    "Wheel!BL68",
    "Wheel!BS68",
    "Wheel!BY68",
    "Wheel!BZ68",
    "Wheel!CH68",
    "Wheel!CN68",
    "Wheel!CO68",
    "Wheel!CW68",
    "Wheel!DC68",
    "Wheel!DD68",
    "Wheel!DL68",
    "Wheel!DR68",
    "Wheel!DS68",
    "Wheel!EA68",
    "Wheel!BK69",
    "Wheel!BL69",
    "Wheel!BS69",
    "Wheel!BY69",
    "Wheel!BZ69",
    "Wheel!CH69",
    "Wheel!CN69",
    "Wheel!CO69",
    "Wheel!CW69",
    "Wheel!DC69",
    "Wheel!DD69",
    "Wheel!DL69",
    "Wheel!DR69",
    "Wheel!DS69",
    "Wheel!EA69",
    "Wheel!BK70",
    "Wheel!BL70",
    "Wheel!BS70",
    "Wheel!BY70",
    "Wheel!BZ70",
    "Wheel!CH70",
    "Wheel!CN70",
    "Wheel!CO70",
    "Wheel!CW70",
    "Wheel!DC70",
    "Wheel!DD70",
    "Wheel!DL70",
    "Wheel!DR70",
    "Wheel!DS70",
    "Wheel!EA70",
    "Wheel!BK71",
    "Wheel!BL71",
    "Wheel!BS71",
    "Wheel!BY71",
    "Wheel!BZ71",
    "Wheel!CH71",
    "Wheel!CN71",
    "Wheel!CO71",
    "Wheel!CW71",
    "Wheel!DC71",
    "Wheel!DD71",
    "Wheel!DL71",
    "Wheel!DR71",
    "Wheel!DS71",
    "Wheel!EA71",
    "Wheel!BK72",
    "Wheel!BL72",
    "Wheel!BS72",
    "Wheel!BY72",
    "Wheel!BZ72",
    "Wheel!CH72",
    "Wheel!CN72",
    "Wheel!CO72",
    "Wheel!CW72",
    "Wheel!DC72",
    "Wheel!DD72",
    "Wheel!DL72",
    "Wheel!DR72",
    "Wheel!DS72",
    "Wheel!EA72",
    "Wheel!BK73",
    "Wheel!BL73",
    "Wheel!BS73",
    "Wheel!BY73",
    "Wheel!BZ73",
    "Wheel!CH73",
    "Wheel!CN73",
    "Wheel!CO73",
    "Wheel!CW73",
    "Wheel!DC73",
    "Wheel!DD73",
    "Wheel!DL73",
    "Wheel!DR73",
    "Wheel!DS73",
    "Wheel!EA73",
    "Wheel!BK74",
    "Wheel!BL74",
    "Wheel!BS74",
    "Wheel!BY74",
    "Wheel!BZ74",
    "Wheel!CH74",
    "Wheel!CN74",
    "Wheel!CO74",
    "Wheel!CW74",
    "Wheel!DC74",
    "Wheel!DD74",
    "Wheel!DL74",
    "Wheel!DR74",
    "Wheel!DS74",
    "Wheel!EA74",
    "Wheel!BK75",
    "Wheel!BL75",
    "Wheel!BS75",
    "Wheel!BY75",
    "Wheel!BZ75",
    "Wheel!CH75",
    "Wheel!CN75",
    "Wheel!CO75",
    "Wheel!CW75",
    "Wheel!DC75",
    "Wheel!DD75",
    "Wheel!DL75",
    "Wheel!DR75",
    "Wheel!DS75",
    "Wheel!EA75",
    "Wheel!BK76",
    "Wheel!BL76",
    "Wheel!BS76",
    "Wheel!BY76",
    "Wheel!BZ76",
    "Wheel!CH76",
    "Wheel!CN76",
    "Wheel!CO76",
    "Wheel!CW76",
    "Wheel!DC76",
    "Wheel!DD76",
    "Wheel!DL76",
    "Wheel!DR76",
    "Wheel!DS76",
    "Wheel!EA76",
    "Wheel!BK77",
    "Wheel!BL77",
    "Wheel!BS77",
    "Wheel!BY77",
    "Wheel!BZ77",
    "Wheel!CH77",
    "Wheel!CN77",
    "Wheel!CO77",
    "Wheel!CW77",
    "Wheel!DC77",
    "Wheel!DD77",
    "Wheel!DL77",
    "Wheel!DR77",
    "Wheel!DS77",
    "Wheel!EA77",
    "Wheel!BK78",
    "Wheel!BL78",
    "Wheel!BS78",
    "Wheel!BY78",
    "Wheel!BZ78",
    "Wheel!CH78",
    "Wheel!CN78",
    "Wheel!CO78",
    "Wheel!CW78",
    "Wheel!DC78",
    "Wheel!DD78",
    "Wheel!DL78",
    "Wheel!DR78",
    "Wheel!DS78",
    "Wheel!EA78",
    "Wheel!BK79",
    "Wheel!BL79",
    "Wheel!BS79",
    "Wheel!BY79",
    "Wheel!BZ79",
    "Wheel!CH79",
    "Wheel!CN79",
    "Wheel!CO79",
    "Wheel!CW79",
    "Wheel!DC79",
    "Wheel!DD79",
    "Wheel!DL79",
    "Wheel!DR79",
    "Wheel!DS79",
    "Wheel!EA79",
    "Wheel!BK80",
    "Wheel!BL80",
    "Wheel!BS80",
    "Wheel!BY80",
    "Wheel!BZ80",
    "Wheel!CH80",
    "Wheel!CN80",
    "Wheel!CO80",
    "Wheel!CW80",
    "Wheel!DC80",
    "Wheel!DD80",
    "Wheel!DL80",
    "Wheel!DR80",
    "Wheel!DS80",
    "Wheel!EA80",
    "Wheel!BK81",
    "Wheel!BL81",
    "Wheel!BS81",
    "Wheel!BY81",
    "Wheel!BZ81",
    "Wheel!CH81",
    "Wheel!CN81",
    "Wheel!CO81",
    "Wheel!CW81",
    "Wheel!DC81",
    "Wheel!DD81",
    "Wheel!DL81",
    "Wheel!DR81",
    "Wheel!DS81",
    "Wheel!EA81",
    "Wheel!BK82",
    "Wheel!BL82",
    "Wheel!BS82",
    "Wheel!BY82",
    "Wheel!BZ82",
    "Wheel!CH82",
    "Wheel!CN82",
    "Wheel!CO82",
    "Wheel!CW82",
    "Wheel!DC82",
    "Wheel!DD82",
    "Wheel!DL82",
    "Wheel!DR82",
    "Wheel!DS82",
    "Wheel!EA82",
    "Wheel!BK83",
    "Wheel!BL83",
    "Wheel!BS83",
    "Wheel!BY83",
    "Wheel!BZ83",
    "Wheel!CH83",
    "Wheel!CN83",
    "Wheel!CO83",
    "Wheel!CW83",
    "Wheel!DC83",
    "Wheel!DD83",
    "Wheel!DL83",
    "Wheel!DR83",
    "Wheel!DS83",
    "Wheel!EA83",
    "Wheel!BK84",
    "Wheel!BL84",
    "Wheel!BS84",
    "Wheel!BY84",
    "Wheel!BZ84",
    "Wheel!CH84",
    "Wheel!CN84",
    "Wheel!CO84",
    "Wheel!CW84",
    "Wheel!DC84",
    "Wheel!DD84",
    "Wheel!DL84",
    "Wheel!DR84",
    "Wheel!DS84",
    "Wheel!EA84",
    "Wheel!BK85",
    "Wheel!BL85",
    "Wheel!BS85",
    "Wheel!BY85",
    "Wheel!BZ85",
    "Wheel!CH85",
    "Wheel!CN85",
    "Wheel!CO85",
    "Wheel!CW85",
    "Wheel!DC85",
    "Wheel!DD85",
    "Wheel!DL85",
    "Wheel!DR85",
    "Wheel!DS85",
    "Wheel!EA85",
    "Wheel!BK86",
    "Wheel!BL86",
    "Wheel!BS86",
    "Wheel!BY86",
    "Wheel!BZ86",
    "Wheel!CH86",
    "Wheel!CN86",
    "Wheel!CO86",
    "Wheel!CW86",
    "Wheel!DC86",
    "Wheel!DD86",
    "Wheel!DL86",
    "Wheel!DR86",
    "Wheel!DS86",
    "Wheel!EA86",
    "Wheel!BK87",
    "Wheel!BL87",
    "Wheel!BS87",
    "Wheel!BY87",
    "Wheel!BZ87",
    "Wheel!CH87",
    "Wheel!CN87",
    "Wheel!CO87",
    "Wheel!CW87",
    "Wheel!DC87",
    "Wheel!DD87",
    "Wheel!DL87",
    "Wheel!DR87",
    "Wheel!DS87",
    "Wheel!EA87",
    "Wheel!BK88",
    "Wheel!BL88",
    "Wheel!BS88",
    "Wheel!BY88",
    "Wheel!BZ88",
    "Wheel!CH88",
    "Wheel!CN88",
    "Wheel!CO88",
    "Wheel!CW88",
    "Wheel!DC88",
    "Wheel!DD88",
    "Wheel!DL88",
    "Wheel!DR88",
    "Wheel!DS88",
    "Wheel!EA88",
    "Wheel!BK89",
    "Wheel!BL89",
    "Wheel!BS89",
    "Wheel!BY89",
    "Wheel!BZ89",
    "Wheel!CH89",
    "Wheel!CN89",
    "Wheel!CO89",
    "Wheel!CW89",
    "Wheel!DC89",
    "Wheel!DD89",
    "Wheel!DL89",
    "Wheel!DR89",
    "Wheel!DS89",
    "Wheel!EA89",
    "Wheel!BK90",
    "Wheel!BL90",
    "Wheel!BS90",
    "Wheel!BY90",
    "Wheel!BZ90",
    "Wheel!CH90",
    "Wheel!CN90",
    "Wheel!CO90",
    "Wheel!CW90",
    "Wheel!DC90",
    "Wheel!DD90",
    "Wheel!DL90",
    "Wheel!DR90",
    "Wheel!DS90",
    "Wheel!EA90",
    "Wheel!BK91",
    "Wheel!BL91",
    "Wheel!BS91",
    "Wheel!BY91",
    "Wheel!BZ91",
    "Wheel!CH91",
    "Wheel!CN91",
    "Wheel!CO91",
    "Wheel!CW91",
    "Wheel!DC91",
    "Wheel!DD91",
    "Wheel!DL91",
    "Wheel!DR91",
    "Wheel!DS91",
    "Wheel!EA91",
    "Wheel!BK92",
    "Wheel!BL92",
    "Wheel!BS92",
    "Wheel!BY92",
    "Wheel!BZ92",
    "Wheel!CH92",
    "Wheel!CN92",
    "Wheel!CO92",
    "Wheel!CW92",
    "Wheel!DC92",
    "Wheel!DD92",
    "Wheel!DL92",
    "Wheel!DR92",
    "Wheel!DS92",
    "Wheel!EA92",
    "Wheel!BK93",
    "Wheel!BL93",
    "Wheel!BS93",
    "Wheel!BY93",
    "Wheel!BZ93",
    "Wheel!CH93",
    "Wheel!CN93",
    "Wheel!CO93",
    "Wheel!CW93",
    "Wheel!DC93",
    "Wheel!DD93",
    "Wheel!DL93",
    "Wheel!DR93",
    "Wheel!DS93",
    "Wheel!EA93",
    "Wheel!BK94",
    "Wheel!BL94",
    "Wheel!BS94",
    "Wheel!BY94",
    "Wheel!BZ94",
    "Wheel!CH94",
    "Wheel!CN94",
    "Wheel!CO94",
    "Wheel!CW94",
    "Wheel!DC94",
    "Wheel!DD94",
    "Wheel!DL94",
    "Wheel!DR94",
    "Wheel!DS94",
    "Wheel!EA94",
    "Wheel!BK95",
    "Wheel!BL95",
    "Wheel!BS95",
    "Wheel!BY95",
    "Wheel!BZ95",
    "Wheel!CH95",
    "Wheel!CN95",
    "Wheel!CO95",
    "Wheel!CW95",
    "Wheel!DC95",
    "Wheel!DD95",
    "Wheel!DL95",
    "Wheel!DR95",
    "Wheel!DS95",
    "Wheel!EA95",
    "Wheel!BK96",
    "Wheel!BL96",
    "Wheel!BS96",
    "Wheel!BY96",
    "Wheel!BZ96",
    "Wheel!CH96",
    "Wheel!CN96",
    "Wheel!CO96",
    "Wheel!CW96",
    "Wheel!DC96",
    "Wheel!DD96",
    "Wheel!DL96",
    "Wheel!DR96",
    "Wheel!DS96",
    "Wheel!EA96",
    "Wheel!BK97",
    "Wheel!BL97",
    "Wheel!BS97",
    "Wheel!BY97",
    "Wheel!BZ97",
    "Wheel!CH97",
    "Wheel!CN97",
    "Wheel!CO97",
    "Wheel!CW97",
    "Wheel!DC97",
    "Wheel!DD97",
    "Wheel!DL97",
    "Wheel!DR97",
    "Wheel!DS97",
    "Wheel!EA97",
    "Wheel!BK98",
    "Wheel!BL98",
    "Wheel!BS98",
    "Wheel!BY98",
    "Wheel!BZ98",
    "Wheel!CH98",
    "Wheel!CN98",
    "Wheel!CO98",
    "Wheel!CW98",
    "Wheel!DC98",
    "Wheel!DD98",
    "Wheel!DL98",
    "Wheel!DR98",
    "Wheel!DS98",
    "Wheel!EA98",
    "Wheel!BK99",
    "Wheel!BL99",
    "Wheel!BS99",
    "Wheel!BY99",
    "Wheel!BZ99",
    "Wheel!CH99",
    "Wheel!CN99",
    "Wheel!CO99",
    "Wheel!CW99",
    "Wheel!DC99",
    "Wheel!DD99",
    "Wheel!DL99",
    "Wheel!DR99",
    "Wheel!DS99",
    "Wheel!EA99",
    "Wheel!BK100",
    "Wheel!BL100",
    "Wheel!BS100",
    "Wheel!BY100",
    "Wheel!BZ100",
    "Wheel!CH100",
    "Wheel!CN100",
    "Wheel!CO100",
    "Wheel!CW100",
    "Wheel!DC100",
    "Wheel!DD100",
    "Wheel!DL100",
    "Wheel!DR100",
    "Wheel!DS100",
    "Wheel!EA100",
    "Wheel!BK101",
    "Wheel!BL101",
    "Wheel!BS101",
    "Wheel!BY101",
    "Wheel!BZ101",
    "Wheel!CH101",
    "Wheel!CN101",
    "Wheel!CO101",
    "Wheel!CW101",
    "Wheel!DC101",
    "Wheel!DD101",
    "Wheel!DL101",
    "Wheel!DR101",
    "Wheel!DS101",
    "Wheel!EA101",
    "Wheel!BK102",
    "Wheel!BL102",
    "Wheel!BS102",
    "Wheel!BY102",
    "Wheel!BZ102",
    "Wheel!CH102",
    "Wheel!CN102",
    "Wheel!CO102",
    "Wheel!CW102",
    "Wheel!DC102",
    "Wheel!DD102",
    "Wheel!DL102",
    "Wheel!DR102",
    "Wheel!DS102",
    "Wheel!EA102",
    "Wheel!BK103",
    "Wheel!BL103",
    "Wheel!BS103",
    "Wheel!BY103",
    "Wheel!BZ103",
    "Wheel!CH103",
    "Wheel!CN103",
    "Wheel!CO103",
    "Wheel!CW103",
    "Wheel!DC103",
    "Wheel!DD103",
    "Wheel!DL103",
    "Wheel!DR103",
    "Wheel!DS103",
    "Wheel!EA103",
    "Wheel!BK104",
    "Wheel!BL104",
    "Wheel!BS104",
    "Wheel!BY104",
    "Wheel!BZ104",
    "Wheel!CH104",
    "Wheel!CN104",
    "Wheel!CO104",
    "Wheel!CW104",
    "Wheel!DC104",
    "Wheel!DD104",
    "Wheel!DL104",
    "Wheel!DR104",
    "Wheel!DS104",
    "Wheel!EA104",
    "Wheel!BK105",
    "Wheel!BL105",
    "Wheel!BS105",
    "Wheel!BY105",
    "Wheel!BZ105",
    "Wheel!CH105",
    "Wheel!CN105",
    "Wheel!CO105",
    "Wheel!CW105",
    "Wheel!DC105",
    "Wheel!DD105",
    "Wheel!DL105",
    "Wheel!DR105",
    "Wheel!DS105",
    "Wheel!EA105",
    "Wheel!BK106",
    "Wheel!BL106",
    "Wheel!BS106",
    "Wheel!BY106",
    "Wheel!BZ106",
    "Wheel!CH106",
    "Wheel!CN106",
    "Wheel!CO106",
    "Wheel!CW106",
    "Wheel!DC106",
    "Wheel!DD106",
    "Wheel!DL106",
    "Wheel!DR106",
    "Wheel!DS106",
    "Wheel!EA106",
    "Wheel!BK107",
    "Wheel!BL107",
    "Wheel!BS107",
    "Wheel!BY107",
    "Wheel!BZ107",
    "Wheel!CH107",
    "Wheel!CN107",
    "Wheel!CO107",
    "Wheel!CW107",
    "Wheel!DC107",
    "Wheel!DD107",
    "Wheel!DL107",
    "Wheel!DR107",
    "Wheel!DS107",
    "Wheel!EA107",
    "Wheel!BK108",
    "Wheel!BL108",
    "Wheel!BS108",
    "Wheel!BY108",
    "Wheel!BZ108",
    "Wheel!CH108",
    "Wheel!CN108",
    "Wheel!CO108",
    "Wheel!CW108",
    "Wheel!DC108",
    "Wheel!DD108",
    "Wheel!DL108",
    "Wheel!DR108",
    "Wheel!DS108",
    "Wheel!EA108",
    "Wheel!BK109",
    "Wheel!BL109",
    "Wheel!BS109",
    "Wheel!BY109",
    "Wheel!BZ109",
    "Wheel!CH109",
    "Wheel!CN109",
    "Wheel!CO109",
    "Wheel!CW109",
    "Wheel!DC109",
    "Wheel!DD109",
    "Wheel!DL109",
    "Wheel!DR109",
    "Wheel!DS109",
    "Wheel!EA109",
    "Wheel!BK110",
    "Wheel!BL110",
    "Wheel!BS110",
    "Wheel!BY110",
    "Wheel!BZ110",
    "Wheel!CH110",
    "Wheel!CN110",
    "Wheel!CO110",
    "Wheel!CW110",
    "Wheel!DC110",
    "Wheel!DD110",
    "Wheel!DL110",
    "Wheel!DR110",
    "Wheel!DS110",
    "Wheel!EA110",
    "Wheel!BK111",
    "Wheel!BL111",
    "Wheel!BS111",
    "Wheel!BK112",
    "Wheel!BL112",
    "Wheel!BS112",
    "Wheel!BK113",
    "Wheel!BL113",
    "Wheel!BS113",
    "Wheel!BK114",
    "Wheel!BL114",
    "Wheel!BS114",
    "Wheel!BK115",
    "Wheel!BL115",
    "Wheel!BS115",
    "Wheel!BK116",
    "Wheel!BL116",
    "Wheel!BS116",
    "Wheel!BK117",
    "Wheel!BL117",
    "Wheel!BS117",
    "Wheel!BK118",
    "Wheel!BL118",
    "Wheel!BS118",
    "Wheel!BK119",
    "Wheel!BL119",
    "Wheel!BS119",
    "Wheel!BK120",
    "Wheel!BL120",
    "Wheel!BS120",
    "Wheel!BK121",
    "Wheel!BL121",
    "Wheel!BS121",
    "Wheel!BK122",
    "Wheel!BL122",
    "Wheel!BS122",
    "Wheel!BK123",
    "Wheel!BL123",
    "Wheel!BS123",
    "Wheel!BK124",
    "Wheel!BL124",
    "Wheel!BS124",
    "Wheel!BK125",
    "Wheel!BL125",
    "Wheel!BS125",
    "Wheel!BK126",
    "Wheel!BL126",
    "Wheel!BS126",
    "Wheel!BK127",
    "Wheel!BL127",
    "Wheel!BS127",
    "Wheel!BK128",
    "Wheel!BL128",
    "Wheel!BS128",
    "Wheel!BK129",
    "Wheel!BL129",
    "Wheel!BS129",
    "Wheel!BK130",
    "Wheel!BL130",
    "Wheel!BS130",
    "Wheel!BK131",
    "Wheel!BL131",
    "Wheel!BS131",
    "Wheel!BK132",
    "Wheel!BL132",
    "Wheel!BS132",
    "Wheel!BK133",
    "Wheel!BL133",
    "Wheel!BS133",
    "Wheel!BK134",
    "Wheel!BL134",
    "Wheel!BS134",
    "Wheel!BK135",
    "Wheel!BL135",
    "Wheel!BS135",
    "Wheel!BK136",
    "Wheel!BL136",
    "Wheel!BS136",
    "Wheel!BK137",
    "Wheel!BL137",
    "Wheel!BS137",
    "Wheel!BK138",
    "Wheel!BL138",
    "Wheel!BS138",
    "Wheel!BK139",
    "Wheel!BL139",
    "Wheel!BS139",
    "Wheel!BK140",
    "Wheel!BL140",
    "Wheel!BS140",
    "Wheel!BK141",
    "Wheel!BL141",
    "Wheel!BS141",
    "Wheel!BK142",
    "Wheel!BL142",
    "Wheel!BS142",
    "Wheel!BK143",
    "Wheel!BL143",
    "Wheel!BS143",
    "Wheel!BK144",
    "Wheel!BL144",
    "Wheel!BS144",
    "Wheel!BK145",
    "Wheel!BL145",
    "Wheel!BS145",
    "Wheel!BK146",
    "Wheel!BL146",
    "Wheel!BS146",
    "Wheel!BK147",
    "Wheel!BL147",
    "Wheel!BS147",
    "Wheel!BK148",
    "Wheel!BL148",
    "Wheel!BS148",
    "Wheel!BK149",
    "Wheel!BL149",
    "Wheel!BS149",
    "Wheel!BK150",
    "Wheel!BL150",
    "Wheel!BS150",
    "Wheel!BK151",
    "Wheel!BL151",
    "Wheel!BS151",
    "Wheel!BK152",
    "Wheel!BL152",
    "Wheel!BS152",
    "Wheel!BK153",
    "Wheel!BL153",
    "Wheel!BS153",
    "Wheel!BK154",
    "Wheel!BL154",
    "Wheel!BS154",
    "Wheel!BK155",
    "Wheel!BL155",
    "Wheel!BS155",
    "Wheel!BK156",
    "Wheel!BL156",
    "Wheel!BS156",
    "Wheel!BK157",
    "Wheel!BL157",
    "Wheel!BS157",
    "Wheel!BK158",
    "Wheel!BL158",
    "Wheel!BS158",
    "Wheel!BK159",
    "Wheel!BL159",
    "Wheel!BS159",
    "Wheel!BK160",
    "Wheel!BL160",
    "Wheel!BS160",
    "Wheel!BK161",
    "Wheel!BL161",
    "Wheel!BS161",
    "Wheel!BK162",
    "Wheel!BL162",
    "Wheel!BS162",
    "Wheel!BK163",
    "Wheel!BL163",
    "Wheel!BS163",
    "Wheel!BK164",
    "Wheel!BL164",
    "Wheel!BS164",
    "Wheel!BK165",
    "Wheel!BL165",
    "Wheel!BS165",
    "Wheel!BK166",
    "Wheel!BL166",
    "Wheel!BS166",
    "Wheel!BK167",
    "Wheel!BL167",
    "Wheel!BS167",
    "Wheel!BK168",
    "Wheel!BL168",
    "Wheel!BS168",
    "Wheel Support!A6",
    "Wheel Support!L6",
    "Wheel Support!W6",
    "Wheel Support!AH6",
    "Wheel Support!AS6",
    "Wheel Support!BD6",
    "Wheel Support!BO6",
    "Wheel Support!BZ6",
    "Wheel Support!A7",
    "Wheel Support!L7",
    "Wheel Support!W7",
    "Wheel Support!AH7",
    "Wheel Support!AS7",
    "Wheel Support!BD7",
    "Wheel Support!BO7",
    "Wheel Support!BZ7",
    "Wheel Support!A29",
    "Wheel Support!L29",
    "Wheel Support!W29",
    "Wheel Support!AH29",
    "Wheel Support!AS29",
    "Wheel Support!BD29",
    "Wheel Support!BO29",
    "Wheel Support!BZ29",
    "Wheel Support!D38",
    "Wheel Support!E38",
    "Wheel Support!J38",
    "Wheel Support!O38",
    "Wheel Support!P38",
    "Wheel Support!U38",
    "Wheel Support!Z38",
    "Wheel Support!AA38",
    "Wheel Support!AF38",
    "Wheel Support!AK38",
    "Wheel Support!AL38",
    "Wheel Support!AQ38",
    "Wheel Support!AV38",
    "Wheel Support!AW38",
    "Wheel Support!BB38",
    "Wheel Support!BG38",
    "Wheel Support!BH38",
    "Wheel Support!BM38",
    "Wheel Support!BR38",
    "Wheel Support!BS38",
    "Wheel Support!BX38",
    "Wheel Support!CC38",
    "Wheel Support!CD38",
    "Wheel Support!CI38",
    "Wheel Support!D39",
    "Wheel Support!E39",
    "Wheel Support!J39",
    "Wheel Support!O39",
    "Wheel Support!P39",
    "Wheel Support!U39",
    "Wheel Support!Z39",
    "Wheel Support!AA39",
    "Wheel Support!AF39",
    "Wheel Support!AK39",
    "Wheel Support!AL39",
    "Wheel Support!AQ39",
    "Wheel Support!AV39",
    "Wheel Support!AW39",
    "Wheel Support!BB39",
    "Wheel Support!BG39",
    "Wheel Support!BH39",
    "Wheel Support!BM39",
    "Wheel Support!BR39",
    "Wheel Support!BS39",
    "Wheel Support!BX39",
    "Wheel Support!CC39",
    "Wheel Support!CD39",
    "Wheel Support!CI39",
    "Wheel Support!D40",
    "Wheel Support!E40",
    "Wheel Support!J40",
    "Wheel Support!O40",
    "Wheel Support!P40",
    "Wheel Support!U40",
    "Wheel Support!Z40",
    "Wheel Support!AA40",
    "Wheel Support!AF40",
    "Wheel Support!AK40",
    "Wheel Support!AL40",
    "Wheel Support!AQ40",
    "Wheel Support!AV40",
    "Wheel Support!AW40",
    "Wheel Support!BB40",
    "Wheel Support!BG40",
    "Wheel Support!BH40",
    "Wheel Support!BM40",
    "Wheel Support!BR40",
    "Wheel Support!BS40",
    "Wheel Support!BX40",
    "Wheel Support!CC40",
    "Wheel Support!CD40",
    "Wheel Support!CI40",
    "Wheel Support!D41",
    "Wheel Support!E41",
    "Wheel Support!J41",
    "Wheel Support!O41",
    "Wheel Support!P41",
    "Wheel Support!U41",
    "Wheel Support!Z41",
    "Wheel Support!AA41",
    "Wheel Support!AF41",
    "Wheel Support!AK41",
    "Wheel Support!AL41",
    "Wheel Support!AQ41",
    "Wheel Support!AV41",
    "Wheel Support!AW41",
    "Wheel Support!BB41",
    "Wheel Support!BG41",
    "Wheel Support!BH41",
    "Wheel Support!BM41",
    "Wheel Support!BR41",
    "Wheel Support!BS41",
    "Wheel Support!BX41",
    "Wheel Support!CC41",
    "Wheel Support!CD41",
    "Wheel Support!CI41",
    "Wheel Support!D42",
    "Wheel Support!E42",
    "Wheel Support!J42",
    "Wheel Support!O42",
    "Wheel Support!P42",
    "Wheel Support!U42",
    "Wheel Support!Z42",
    "Wheel Support!AA42",
    "Wheel Support!AF42",
    "Wheel Support!AK42",
    "Wheel Support!AL42",
    "Wheel Support!AQ42",
    "Wheel Support!AV42",
    "Wheel Support!AW42",
    "Wheel Support!BB42",
    "Wheel Support!BG42",
    "Wheel Support!BH42",
    "Wheel Support!BM42",
    "Wheel Support!BR42",
    "Wheel Support!BS42",
    "Wheel Support!BX42",
    "Wheel Support!CC42",
    "Wheel Support!CD42",
    "Wheel Support!CI42",
    "Wheel Support!D43",
    "Wheel Support!E43",
    "Wheel Support!J43",
    "Wheel Support!O43",
    "Wheel Support!P43",
    "Wheel Support!U43",
    "Wheel Support!Z43",
    "Wheel Support!AA43",
    "Wheel Support!AF43",
    "Wheel Support!AK43",
    "Wheel Support!AL43",
    "Wheel Support!AQ43",
    "Wheel Support!AV43",
    "Wheel Support!AW43",
    "Wheel Support!BB43",
    "Wheel Support!BG43",
    "Wheel Support!BH43",
    "Wheel Support!BM43",
    "Wheel Support!BR43",
    "Wheel Support!BS43",
    "Wheel Support!BX43",
    "Wheel Support!CC43",
    "Wheel Support!CD43",
    "Wheel Support!CI43",
    "Wheel Support!D44",
    "Wheel Support!E44",
    "Wheel Support!J44",
    "Wheel Support!O44",
    "Wheel Support!P44",
    "Wheel Support!U44",
    "Wheel Support!Z44",
    "Wheel Support!AA44",
    "Wheel Support!AF44",
    "Wheel Support!AK44",
    "Wheel Support!AL44",
    "Wheel Support!AQ44",
    "Wheel Support!AV44",
    "Wheel Support!AW44",
    "Wheel Support!BB44",
    "Wheel Support!BG44",
    "Wheel Support!BH44",
    "Wheel Support!BM44",
    "Wheel Support!BR44",
    "Wheel Support!BS44",
    "Wheel Support!BX44",
    "Wheel Support!CC44",
    "Wheel Support!CD44",
    "Wheel Support!CI44",
    "Wheel Support!D45",
    "Wheel Support!E45",
    "Wheel Support!J45",
    "Wheel Support!O45",
    "Wheel Support!P45",
    "Wheel Support!U45",
    "Wheel Support!Z45",
    "Wheel Support!AA45",
    "Wheel Support!AF45",
    "Wheel Support!AK45",
    "Wheel Support!AL45",
    "Wheel Support!AQ45",
    "Wheel Support!AV45",
    "Wheel Support!AW45",
    "Wheel Support!BB45",
    "Wheel Support!BG45",
    "Wheel Support!BH45",
    "Wheel Support!BM45",
    "Wheel Support!BR45",
    "Wheel Support!BS45",
    "Wheel Support!BX45",
    "Wheel Support!CC45",
    "Wheel Support!CD45",
    "Wheel Support!CI45",
    "Wheel Support!D46",
    "Wheel Support!E46",
    "Wheel Support!J46",
    "Wheel Support!O46",
    "Wheel Support!P46",
    "Wheel Support!U46",
    "Wheel Support!Z46",
    "Wheel Support!AA46",
    "Wheel Support!AF46",
    "Wheel Support!AK46",
    "Wheel Support!AL46",
    "Wheel Support!AQ46",
    "Wheel Support!AV46",
    "Wheel Support!AW46",
    "Wheel Support!BB46",
    "Wheel Support!BG46",
    "Wheel Support!BH46",
    "Wheel Support!BM46",
    "Wheel Support!BR46",
    "Wheel Support!BS46",
    "Wheel Support!BX46",
    "Wheel Support!CC46",
    "Wheel Support!CD46",
    "Wheel Support!CI46",
    "Wheel Support!D47",
    "Wheel Support!E47",
    "Wheel Support!J47",
    "Wheel Support!O47",
    "Wheel Support!P47",
    "Wheel Support!U47",
    "Wheel Support!Z47",
    "Wheel Support!AA47",
    "Wheel Support!AF47",
    "Wheel Support!AK47",
    "Wheel Support!AL47",
    "Wheel Support!AQ47",
    "Wheel Support!AV47",
    "Wheel Support!AW47",
    "Wheel Support!BB47",
    "Wheel Support!BG47",
    "Wheel Support!BH47",
    "Wheel Support!BM47",
    "Wheel Support!BR47",
    "Wheel Support!BS47",
    "Wheel Support!BX47",
    "Wheel Support!CC47",
    "Wheel Support!CD47",
    "Wheel Support!CI47",
    "Wheel Support!D48",
    "Wheel Support!E48",
    "Wheel Support!J48",
    "Wheel Support!O48",
    "Wheel Support!P48",
    "Wheel Support!U48",
    "Wheel Support!Z48",
    "Wheel Support!AA48",
    "Wheel Support!AF48",
    "Wheel Support!AK48",
    "Wheel Support!AL48",
    "Wheel Support!AQ48",
    "Wheel Support!AV48",
    "Wheel Support!AW48",
    "Wheel Support!BB48",
    "Wheel Support!BG48",
    "Wheel Support!BH48",
    "Wheel Support!BM48",
    "Wheel Support!BR48",
    "Wheel Support!BS48",
    "Wheel Support!BX48",
    "Wheel Support!CC48",
    "Wheel Support!CD48",
    "Wheel Support!CI48",
    "Wheel Support!D49",
    "Wheel Support!E49",
    "Wheel Support!J49",
    "Wheel Support!O49",
    "Wheel Support!P49",
    "Wheel Support!U49",
    "Wheel Support!Z49",
    "Wheel Support!AA49",
    "Wheel Support!AF49",
    "Wheel Support!AK49",
    "Wheel Support!AL49",
    "Wheel Support!AQ49",
    "Wheel Support!AV49",
    "Wheel Support!AW49",
    "Wheel Support!BB49",
    "Wheel Support!BG49",
    "Wheel Support!BH49",
    "Wheel Support!BM49",
    "Wheel Support!BR49",
    "Wheel Support!BS49",
    "Wheel Support!BX49",
    "Wheel Support!CC49",
    "Wheel Support!CD49",
    "Wheel Support!CI49",
    "Air-side!AS5",
    "Air-side!BP10",
    "Supporting 6!A13",
    "Supporting 6!C13",
    "Supporting 6!A16",
    "Supporting 6!C16",
    "Supporting 6!A10",
    "Supporting 6!C10",
    "Supporting 6!A19",
    "Supporting 6!C19",
    "Wheel!BJ10:BT168 (159 rows)"
  ],
  "per_sheet": {
    "Supporting 1": 10,
    "Supporting 2": 8,
    "Supporting 2.1": 72,
    "Supporting 3": 6,
    "Supporting 3.1": 72,
    "Supporting 4": 6,
    "Supporting 4.1": 72,
    "Supproting 5": 12,
    "Supporting 5.1": 24,
    "Supporting 6": 4,
    "Supporting 6.1": 144,
    "Wheel": 1709,
    "Wheel Support": 312
  }
}